2026-04-27 18:14:28 /api/auth/login POST
Resource: auth, Parts: ["auth","login"]
2026-04-27 18:14:37 /api/auth/login POST
Resource: auth, Parts: ["auth","login"]
2026-04-27 18:15:03 /api/auth/login POST
Resource: auth, Parts: ["auth","login"]
2026-04-27 18:15:37 /api/auth/login POST
Resource: auth, Parts: ["auth","login"]
2026-04-27 18:17:08 /api/auth/login POST
Resource: auth, Parts: ["auth","login"]
2026-04-27 18:17:18 /api/admin/dashboard GET
Resource: admin, Parts: ["admin","dashboard"]
2026-04-27 18:17:34 /api/admin/loans?status=undefined&page=1&limit=20 GET
Resource: admin, Parts: ["admin","loans"]
2026-04-27 18:17:36 /api/admin/loans?limit=1 GET
Resource: admin, Parts: ["admin","loans"]
2026-04-27 18:17:37 /api/admin/loans?status=pending&page=1&limit=20 GET
Resource: admin, Parts: ["admin","loans"]
2026-04-27 18:17:37 /api/admin/loans?status=pending&limit=1 GET
Resource: admin, Parts: ["admin","loans"]
2026-04-27 18:17:39 /api/admin/dashboard GET
Resource: admin, Parts: ["admin","dashboard"]
2026-04-27 18:17:41 /api/admin/loans?status=undefined&page=1&limit=20 GET
Resource: admin, Parts: ["admin","loans"]
2026-04-27 18:17:41 /api/admin/loans?limit=1 GET
Resource: admin, Parts: ["admin","loans"]
2026-04-27 18:17:43 /api/admin/categories GET
Resource: admin, Parts: ["admin","categories"]
2026-04-27 18:17:45 /api/admin/categories GET
Resource: admin, Parts: ["admin","categories"]
2026-04-27 18:17:45 /api/admin/products GET
Resource: admin, Parts: ["admin","products"]
2026-04-27 18:17:47 /api/admin/borrowers?limit=100 GET
Resource: admin, Parts: ["admin","borrowers"]
2026-04-27 18:17:48 /api/admin/repayments GET
Resource: admin, Parts: ["admin","repayments"]
2026-04-27 18:17:50 /api/admin/users GET
Resource: admin, Parts: ["admin","users"]
2026-04-27 18:17:52 /api/admin/loans?status=undefined&limit=100 GET
Resource: admin, Parts: ["admin","loans"]
2026-04-27 18:17:54 /api/admin/products GET
Resource: admin, Parts: ["admin","products"]
2026-04-27 18:17:54 /api/admin/settings GET
Resource: admin, Parts: ["admin","settings"]
2026-04-27 18:17:55 /api/categories GET
Resource: categories, Parts: ["categories"]
2026-04-27 18:17:58 /api/messages?folder=inbox&page=1&limit=20 GET
Resource: messages, Parts: ["messages"]
2026-04-27 18:17:58 /api/messages/unread GET
Resource: messages, Parts: ["messages","unread"]
2026-04-27 18:18:05 /api/admin/dashboard GET
Resource: admin, Parts: ["admin","dashboard"]
2026-04-27 18:18:06 /api/admin/loans?status=undefined&page=1&limit=20 GET
Resource: admin, Parts: ["admin","loans"]
2026-04-27 18:18:06 /api/admin/loans?limit=1 GET
Resource: admin, Parts: ["admin","loans"]
2026-04-27 18:19:21 /api/admin/loans GET
Resource: admin, Parts: ["admin","loans"]
2026-04-27 18:19:33 /api/admin/loans GET
Resource: admin, Parts: ["admin","loans"]
2026-04-28 00:59:24 /lending/server/auth/login POST
Token: 
2026-04-28 00:59:39 /lending/server/auth/login POST
Token: 
2026-04-28 00:59:56 /lending/server/auth/login POST
Token: 
2026-04-28 01:00:07 /lending/server/auth/login POST
Token: 
2026-04-28 01:00:07 /lending/server/admin/dashboard GET
Token: t_20acc74906c2e33287416bb6e3271cdc7730e079487f8bd2ae31132f47144bd5
Auth: user=1 role=admin
2026-04-28 01:00:42 /lending/server/admin/dashboard GET
Token: MTphZG1pbkBsZW5kaW5nLmNvbTphZG1pbg==
2026-04-28 01:00:47 /lending/server/auth/login POST
Token: 
2026-04-28 01:00:54 /lending/server/auth/login POST
Token: 
2026-04-28 01:00:54 /lending/server/admin/dashboard GET
Token: t_42ae05975b4fc07819dcbab250aef81aa7dbd3171eb5a15b86681d856fffbffd
Auth: user=1 role=admin
2026-04-28 01:01:03 /lending/server/admin/loans?page=1&limit=20 GET
Token: t_42ae05975b4fc07819dcbab250aef81aa7dbd3171eb5a15b86681d856fffbffd
Auth: user=1 role=admin
2026-04-28 01:01:03 /lending/server/admin/loans?limit=1 GET
Token: t_42ae05975b4fc07819dcbab250aef81aa7dbd3171eb5a15b86681d856fffbffd
Auth: user=1 role=admin
2026-04-28 01:01:05 /lending/server/admin/categories GET
Token: t_42ae05975b4fc07819dcbab250aef81aa7dbd3171eb5a15b86681d856fffbffd
Auth: user=1 role=admin
2026-04-28 01:01:07 /lending/server/admin/categories GET
Token: t_42ae05975b4fc07819dcbab250aef81aa7dbd3171eb5a15b86681d856fffbffd
Auth: user=1 role=admin
2026-04-28 01:01:07 /lending/server/admin/products GET
Token: t_42ae05975b4fc07819dcbab250aef81aa7dbd3171eb5a15b86681d856fffbffd
Auth: user=1 role=admin
2026-04-28 01:01:08 /lending/server/admin/borrowers?limit=100 GET
Token: t_42ae05975b4fc07819dcbab250aef81aa7dbd3171eb5a15b86681d856fffbffd
Auth: user=1 role=admin
2026-04-28 01:01:09 /lending/server/admin/repayments GET
Token: t_42ae05975b4fc07819dcbab250aef81aa7dbd3171eb5a15b86681d856fffbffd
Auth: user=1 role=admin
2026-04-28 01:01:10 /lending/server/admin/users GET
Token: t_42ae05975b4fc07819dcbab250aef81aa7dbd3171eb5a15b86681d856fffbffd
Auth: user=1 role=admin
2026-04-28 01:01:12 /lending/server/admin/loans?limit=100 GET
Token: t_42ae05975b4fc07819dcbab250aef81aa7dbd3171eb5a15b86681d856fffbffd
Auth: user=1 role=admin
2026-04-28 01:06:24 /lending/server/admin/repayments GET
Token: t_42ae05975b4fc07819dcbab250aef81aa7dbd3171eb5a15b86681d856fffbffd
Auth: user=1 role=admin
2026-04-28 01:06:26 /lending/server/admin/borrowers?limit=100 GET
Token: t_42ae05975b4fc07819dcbab250aef81aa7dbd3171eb5a15b86681d856fffbffd
Auth: user=1 role=admin
2026-04-28 01:06:30 /lending/server/admin/products GET
Token: t_42ae05975b4fc07819dcbab250aef81aa7dbd3171eb5a15b86681d856fffbffd
Auth: user=1 role=admin
2026-04-28 01:06:30 /lending/server/admin/categories GET
Token: t_42ae05975b4fc07819dcbab250aef81aa7dbd3171eb5a15b86681d856fffbffd
Auth: user=1 role=admin
2026-04-28 01:06:32 /lending/server/admin/categories GET
Token: t_42ae05975b4fc07819dcbab250aef81aa7dbd3171eb5a15b86681d856fffbffd
Auth: user=1 role=admin
2026-04-28 01:06:34 /lending/server/admin/loans?limit=1 GET
2026-04-28 01:06:34 /lending/server/admin/loans?page=1&limit=20 GET
Token: t_42ae05975b4fc07819dcbab250aef81aa7dbd3171eb5a15b86681d856fffbffd
Token: t_42ae05975b4fc07819dcbab250aef81aa7dbd3171eb5a15b86681d856fffbffd
Auth: user=1 role=admin
Auth: user=1 role=admin
2026-04-28 01:06:36 /lending/server/admin/dashboard GET
Token: t_42ae05975b4fc07819dcbab250aef81aa7dbd3171eb5a15b86681d856fffbffd
Auth: user=1 role=admin
2026-04-28 01:06:45 /lending/server/admin/settings GET
2026-04-28 01:06:45 /lending/server/categories GET
Token: 
Token: t_42ae05975b4fc07819dcbab250aef81aa7dbd3171eb5a15b86681d856fffbffd
2026-04-28 01:06:45 /lending/server/admin/products GET
Token: t_42ae05975b4fc07819dcbab250aef81aa7dbd3171eb5a15b86681d856fffbffd
Auth: user=1 role=admin
Auth: user=1 role=admin
2026-04-28 01:06:53 /lending/server/admin/categories GET
Token: t_42ae05975b4fc07819dcbab250aef81aa7dbd3171eb5a15b86681d856fffbffd
Auth: user=1 role=admin
2026-04-28 01:06:56 /lending/server/categories GET
Token: 
2026-04-28 01:06:56 /lending/server/admin/settings GET
Token: t_42ae05975b4fc07819dcbab250aef81aa7dbd3171eb5a15b86681d856fffbffd
Auth: user=1 role=admin
2026-04-28 01:06:56 /lending/server/admin/products GET
Token: t_42ae05975b4fc07819dcbab250aef81aa7dbd3171eb5a15b86681d856fffbffd
Auth: user=1 role=admin
2026-04-28 01:08:07 /lending/server/auth/login POST
Token: 
2026-04-28 01:08:08 /lending/server/admin/categories GET
Token: t_0fe36d6d6f9a907437d93dcf96601a78b72cf653af16dd4da478bee131f50241
Auth: user=1 role=admin
2026-04-28 01:09:11 /lending/server/admin/categories GET
Token: t_42ae05975b4fc07819dcbab250aef81aa7dbd3171eb5a15b86681d856fffbffd
Auth: user=1 role=admin
2026-04-28 01:09:23 /lending/server/admin/categories/3 PUT
Token: t_42ae05975b4fc07819dcbab250aef81aa7dbd3171eb5a15b86681d856fffbffd
Auth: user=1 role=admin
2026-04-28 01:09:24 /lending/server/admin/categories GET
Token: t_42ae05975b4fc07819dcbab250aef81aa7dbd3171eb5a15b86681d856fffbffd
Auth: user=1 role=admin
2026-04-28 01:09:42 /lending/server/admin/categories GET
Token: t_42ae05975b4fc07819dcbab250aef81aa7dbd3171eb5a15b86681d856fffbffd
Auth: user=1 role=admin
2026-04-28 01:10:22 /lending/server/admin/categories GET
Token: t_42ae05975b4fc07819dcbab250aef81aa7dbd3171eb5a15b86681d856fffbffd
Auth: user=1 role=admin
2026-04-28 01:10:23 /lending/server/admin/products GET
Token: t_42ae05975b4fc07819dcbab250aef81aa7dbd3171eb5a15b86681d856fffbffd
Auth: user=1 role=admin
2026-04-28 01:10:24 /lending/server/admin/borrowers?limit=100 GET
Token: t_42ae05975b4fc07819dcbab250aef81aa7dbd3171eb5a15b86681d856fffbffd
Auth: user=1 role=admin
2026-04-28 01:10:27 /lending/server/admin/repayments GET
Token: t_42ae05975b4fc07819dcbab250aef81aa7dbd3171eb5a15b86681d856fffbffd
Auth: user=1 role=admin
2026-04-28 01:10:28 /lending/server/admin/users GET
Token: t_42ae05975b4fc07819dcbab250aef81aa7dbd3171eb5a15b86681d856fffbffd
Auth: user=1 role=admin
2026-04-28 01:10:31 /lending/server/admin/loans?limit=100 GET
Token: t_42ae05975b4fc07819dcbab250aef81aa7dbd3171eb5a15b86681d856fffbffd
Auth: user=1 role=admin
2026-04-28 01:10:34 /lending/server/categories GET
Token: 
2026-04-28 01:10:34 /lending/server/admin/products GET
Token: t_42ae05975b4fc07819dcbab250aef81aa7dbd3171eb5a15b86681d856fffbffd
Auth: user=1 role=admin
2026-04-28 01:10:34 /lending/server/admin/settings GET
Token: t_42ae05975b4fc07819dcbab250aef81aa7dbd3171eb5a15b86681d856fffbffd
Auth: user=1 role=admin
2026-04-28 01:10:36 /lending/server/messages/unread GET
Token: t_42ae05975b4fc07819dcbab250aef81aa7dbd3171eb5a15b86681d856fffbffd
2026-04-28 01:10:36 /lending/server/messages?folder=inbox&page=1&limit=20 GET
Token: t_42ae05975b4fc07819dcbab250aef81aa7dbd3171eb5a15b86681d856fffbffd
Auth: user=1 role=admin
Auth: user=1 role=admin
2026-04-28 01:10:38 /lending/server/admin/repayments GET
Token: t_42ae05975b4fc07819dcbab250aef81aa7dbd3171eb5a15b86681d856fffbffd
Auth: user=1 role=admin
2026-04-28 01:14:02 /lending/server/admin/borrowers?limit=100 GET
Token: t_42ae05975b4fc07819dcbab250aef81aa7dbd3171eb5a15b86681d856fffbffd
Auth: user=1 role=admin
2026-04-28 01:14:08 /lending/server/admin/settings GET
Token: t_42ae05975b4fc07819dcbab250aef81aa7dbd3171eb5a15b86681d856fffbffd
Auth: user=1 role=admin
2026-04-28 01:14:08 /lending/server/categories GET
Token: 
2026-04-28 01:14:08 /lending/server/admin/products GET
Token: t_42ae05975b4fc07819dcbab250aef81aa7dbd3171eb5a15b86681d856fffbffd
Auth: user=1 role=admin
2026-04-28 01:18:27 /lending/server/auth/login POST
Token: 
2026-04-28 01:18:27 /lending/server/admin/categories GET
Token: t_eda7a4779e35863f78bce26ab073e90f6e0459366f66545437fcefea914f905f
Auth: user=1 role=admin
2026-04-28 01:20:12 /lending/server/auth/login POST
Token: 
2026-04-28 01:20:13 /lending/server/admin/categories GET
Token: t_501b4d3c086e97d682f1b3a8411abab34ed34e42618672377a5b57af880969ab
Auth: user=1 role=admin
2026-04-28 01:24:18 /lending/server/auth/login POST
Token: 
2026-04-28 01:24:19 /lending/server/admin/categories GET
Token: t_c75a8e0b67b5f467c3751358558d5919c7ebb439a63a3d2d267a73ff4b94e10c
Auth: user=1 role=admin
2026-04-28 02:36:05 /lending/server/admin/settings GET
2026-04-28 02:36:05 /lending/server/admin/products GET
2026-04-28 02:36:05 /lending/server/categories GET
Token: 
Token: t_42ae05975b4fc07819dcbab250aef81aa7dbd3171eb5a15b86681d856fffbffd
Token: t_42ae05975b4fc07819dcbab250aef81aa7dbd3171eb5a15b86681d856fffbffd
Auth: user=1 role=admin
Auth: user=1 role=admin
2026-04-28 03:14:27 /lending/server/admin/dashboard GET
Token: t_42ae05975b4fc07819dcbab250aef81aa7dbd3171eb5a15b86681d856fffbffd
Auth: user=1 role=admin
2026-04-28 03:14:32 /lending/server/admin/dashboard GET
Token: t_42ae05975b4fc07819dcbab250aef81aa7dbd3171eb5a15b86681d856fffbffd
Auth: user=1 role=admin
2026-04-28 03:14:33 /lending/server/admin/dashboard GET
Token: t_42ae05975b4fc07819dcbab250aef81aa7dbd3171eb5a15b86681d856fffbffd
Auth: user=1 role=admin
2026-04-28 03:16:20 /lending/server/admin/dashboard GET
Token: t_42ae05975b4fc07819dcbab250aef81aa7dbd3171eb5a15b86681d856fffbffd
Auth: user=1 role=admin
2026-04-28 03:16:20 /lending/server/admin/dashboard GET
Token: t_42ae05975b4fc07819dcbab250aef81aa7dbd3171eb5a15b86681d856fffbffd
Auth: user=1 role=admin
2026-04-28 03:16:33 /lending/server/admin/dashboard GET
Token: t_42ae05975b4fc07819dcbab250aef81aa7dbd3171eb5a15b86681d856fffbffd
Auth: user=1 role=admin
2026-04-28 03:16:33 /lending/server/admin/dashboard GET
Token: t_42ae05975b4fc07819dcbab250aef81aa7dbd3171eb5a15b86681d856fffbffd
Auth: user=1 role=admin
2026-04-28 03:16:50 /lending/server/admin/dashboard GET
Token: t_42ae05975b4fc07819dcbab250aef81aa7dbd3171eb5a15b86681d856fffbffd
Auth: user=1 role=admin
2026-04-28 03:16:50 /lending/server/admin/dashboard GET
Token: t_42ae05975b4fc07819dcbab250aef81aa7dbd3171eb5a15b86681d856fffbffd
Auth: user=1 role=admin
2026-04-28 03:17:14 /lending/server/admin/dashboard GET
Token: t_42ae05975b4fc07819dcbab250aef81aa7dbd3171eb5a15b86681d856fffbffd
Auth: user=1 role=admin
2026-04-28 03:17:14 /lending/server/admin/dashboard GET
Token: t_42ae05975b4fc07819dcbab250aef81aa7dbd3171eb5a15b86681d856fffbffd
Auth: user=1 role=admin
2026-04-28 03:17:53 /lending/server/auth/login POST
Token: 
2026-04-28 03:17:54 /lending/server/admin/dashboard GET
Token: t_0cd8b15039afcf56d5df2931024890620b0fb05935d68d29311d6ec984449e01
Auth: user=1 role=admin
2026-04-28 03:18:51 /lending/server/admin/dashboard GET
Token: t_42ae05975b4fc07819dcbab250aef81aa7dbd3171eb5a15b86681d856fffbffd
Auth: user=1 role=admin
2026-04-28 03:19:43 /lending/server/admin/dashboard GET
Token: t_42ae05975b4fc07819dcbab250aef81aa7dbd3171eb5a15b86681d856fffbffd
Auth: user=1 role=admin
2026-04-28 03:19:54 /lending/server/admin/loans?page=1&limit=20 GET
Token: t_42ae05975b4fc07819dcbab250aef81aa7dbd3171eb5a15b86681d856fffbffd
Auth: user=1 role=admin
2026-04-28 03:19:54 /lending/server/admin/loans?limit=1 GET
Token: t_42ae05975b4fc07819dcbab250aef81aa7dbd3171eb5a15b86681d856fffbffd
Auth: user=1 role=admin
2026-04-28 03:20:02 /lending/server/admin/loans/1/reactivate POST
Token: t_42ae05975b4fc07819dcbab250aef81aa7dbd3171eb5a15b86681d856fffbffd
Auth: user=1 role=admin
2026-04-28 03:21:01 /lending/server/admin/loans/1/reactivate POST
Token: t_42ae05975b4fc07819dcbab250aef81aa7dbd3171eb5a15b86681d856fffbffd
Auth: user=1 role=admin
2026-04-28 03:23:51 /lending/server/admin/loans?page=1&limit=20 GET
Token: t_42ae05975b4fc07819dcbab250aef81aa7dbd3171eb5a15b86681d856fffbffd
Auth: user=1 role=admin
2026-04-28 03:23:51 /lending/server/admin/loans?limit=1 GET
Token: t_42ae05975b4fc07819dcbab250aef81aa7dbd3171eb5a15b86681d856fffbffd
Auth: user=1 role=admin
2026-04-28 03:37:32 /lending/server/auth/login POST
Token: 
2026-04-28 03:37:33 /lending/server/admin/loans GET
Token: t_4963103805c46073e25ffc8c6571c33d8a4acd97deb4acaf0a3edbe60efc61c0
Auth: user=1 role=admin
2026-04-28 03:37:47 /lending/server/auth/login POST
Token: 
2026-04-28 03:37:47 /lending/server/admin/loans/1/reactivate POST
Token: t_0875a85624b03bb84211ed8e41ccc7eb8b810c3f5a89ca638b4ed2396ed27146
Auth: user=1 role=admin
2026-04-28 03:38:25 /lending/server/auth/login POST
Token: 
2026-04-28 03:38:25 /lending/server/admin/loans/1/reactivate POST
Token: t_34e2d0eae9e15c0cd19b1722bd8e8c29fe937e82cada0f026cced8e9a3c90c73
Auth: user=1 role=admin
2026-04-28 03:39:28 /lending/server/auth/login POST
Token: 
2026-04-28 03:39:28 /lending/server/admin/loans/1/reactivate POST
Token: t_5a3674386b2d4bcaf8e18ac7770c06239b792e92ded794f327b78a079818abd2
Auth: user=1 role=admin
2026-04-28 03:39:59 /lending/server/auth/login POST
Token: 
2026-04-28 03:40:00 /lending/server/admin/loans/1/reactivate POST
Token: t_32d207445ee98623c82b62b12cdf1af0ce59772df6dd7d7a117fd6385fd626d4
Auth: user=1 role=admin
2026-04-28 03:40:36 /lending/server/auth/login POST
Token: 
2026-04-28 03:40:36 /lending/server/admin/loans/2/reject POST
Token: t_4511af2019160eab49ff703483efb2aa98f68c5bb2da262969a5a7f1c2e73720
Auth: user=1 role=admin
2026-04-28 03:41:00 /lending/server/auth/login POST
Token: 
2026-04-28 03:41:00 /lending/server/admin/loans/2/reactivate POST
Token: t_cb018c38a820954526f0e1572ccd3b4f5e9f76ba993701b9f34e062236d02c78
Auth: user=1 role=admin
2026-04-28 03:41:12 /lending/server/auth/login POST
Token: 
2026-04-28 03:41:12 /lending/server/admin/dashboard GET
Token: t_c01fc09e2c30e6b67ef08a26d1b80179b2250632949f02fd06d42b27563ca766
Auth: user=1 role=admin
2026-04-28 03:43:28 /lending/server/admin/loans?limit=1 GET
Token: t_42ae05975b4fc07819dcbab250aef81aa7dbd3171eb5a15b86681d856fffbffd
Auth: user=1 role=admin
2026-04-28 03:43:28 /lending/server/admin/loans?page=1&limit=20 GET
Token: t_42ae05975b4fc07819dcbab250aef81aa7dbd3171eb5a15b86681d856fffbffd
Auth: user=1 role=admin
2026-04-28 03:43:28 /lending/server/admin/loans?page=1&limit=20 GET
Token: t_42ae05975b4fc07819dcbab250aef81aa7dbd3171eb5a15b86681d856fffbffd
Auth: user=1 role=admin
2026-04-28 03:43:29 /lending/server/admin/loans?limit=1 GET
Token: t_42ae05975b4fc07819dcbab250aef81aa7dbd3171eb5a15b86681d856fffbffd
Auth: user=1 role=admin
2026-04-28 03:43:44 /lending/server/admin/loans?page=1&limit=20 GET
Token: t_42ae05975b4fc07819dcbab250aef81aa7dbd3171eb5a15b86681d856fffbffd
Auth: user=1 role=admin
2026-04-28 03:43:44 /lending/server/admin/loans?limit=1 GET
Token: t_42ae05975b4fc07819dcbab250aef81aa7dbd3171eb5a15b86681d856fffbffd
Auth: user=1 role=admin
2026-04-28 03:46:48 /lending/server/admin/loans?page=1&limit=20 GET
2026-04-28 03:46:48 /lending/server/admin/loans?limit=1 GET
Token: t_42ae05975b4fc07819dcbab250aef81aa7dbd3171eb5a15b86681d856fffbffd
Auth: user=1 role=admin
Token: t_42ae05975b4fc07819dcbab250aef81aa7dbd3171eb5a15b86681d856fffbffd
Auth: user=1 role=admin
2026-04-28 03:48:05 /lending/server/admin/loans?page=1&limit=20 GET
Token: t_42ae05975b4fc07819dcbab250aef81aa7dbd3171eb5a15b86681d856fffbffd
Auth: user=1 role=admin
2026-04-28 03:48:05 /lending/server/admin/loans?limit=1 GET
Token: t_42ae05975b4fc07819dcbab250aef81aa7dbd3171eb5a15b86681d856fffbffd
Auth: user=1 role=admin
2026-04-28 03:51:23 /lending/server/admin/loans?page=1&limit=20 GET
Token: t_42ae05975b4fc07819dcbab250aef81aa7dbd3171eb5a15b86681d856fffbffd
Auth: user=1 role=admin
2026-04-28 03:51:25 /lending/server/admin/loans?limit=1 GET
Token: t_42ae05975b4fc07819dcbab250aef81aa7dbd3171eb5a15b86681d856fffbffd
Auth: user=1 role=admin
2026-04-28 03:52:07 /lending/server/admin/loans?page=1&limit=20 GET
Token: t_42ae05975b4fc07819dcbab250aef81aa7dbd3171eb5a15b86681d856fffbffd
Auth: user=1 role=admin
2026-04-28 03:52:07 /lending/server/admin/loans?limit=1 GET
Token: t_42ae05975b4fc07819dcbab250aef81aa7dbd3171eb5a15b86681d856fffbffd
Auth: user=1 role=admin
2026-04-28 03:53:29 /lending/server/admin/loans?page=1&limit=20 GET
Token: t_42ae05975b4fc07819dcbab250aef81aa7dbd3171eb5a15b86681d856fffbffd
Auth: user=1 role=admin
2026-04-28 03:53:29 /lending/server/admin/loans?limit=1 GET
Token: t_42ae05975b4fc07819dcbab250aef81aa7dbd3171eb5a15b86681d856fffbffd
Auth: user=1 role=admin
2026-04-28 04:02:56 /lending/server/auth/login POST
Token: 
2026-04-28 04:03:29 /lending/server/auth/login POST
Token: 
2026-04-28 04:03:29 /lending/server/auth/login POST
Token: 
2026-04-28 04:08:27 /lending/server/auth/login POST
Token: 
2026-04-28 04:09:21 /lending/server/auth/login POST
Token: 
2026-04-28 04:10:04 /lending/server/auth/login POST
Token: 
2026-04-28 04:11:47 /lending/server/auth/login POST
Token: 
